videotest: font gfxmenu video
odc: archelp
macho:
loopback: extcmd
gcry_des: crypto
memrw: extcmd
terminfo: extcmd
part_gpt:
f2fs: fshelp
romfs: fshelp
read: extcmd
lsefimmap:
gcry_arcfour: crypto
aout:
tftp: net
newc: archelp
minix2_be:
elf:
afsplitter: crypto
videotest_checksum: font functional_test video_fb
password_pbkdf2: crypto gcry_sha512 normal pbkdf2
gcry_seed: crypto
pcidump: extcmd
bsd: aout boot cpuid crypto elf extcmd gcry_md5 mmap relocator serial video
sfs: fshelp
reiserfs: fshelp
zstd:
part_sunpc:
gfxmenu: bitmap bitmap_scale font gfxterm normal trig video video_colors
backtrace:
jfs:
help: extcmd normal
gfxterm_menu: font functional_test normal procfs video_fb
gcry_idea: crypto
cbls: cbtable
configfile: normal
tr: extcmd
shift_test: functional_test
spkmodem: terminfo
ohci: boot cs5536 usb
afs: fshelp
xzio: crypto
usb_keyboard: keylayouts usb
syslinuxcfg: extcmd normal
search_fs_file:
wrmsr:
usbms: scsi usb
test_blockarg: extcmd normal
true:
affs: fshelp
iso9660: fshelp
smbios: extcmd
exfat: fshelp
setjmp_test: functional_test setjmp
gfxterm: font video
efinet: net
disk:
appleldr: boot
xfs: fshelp
testspeed: extcmd normal
functional_test: btrfs extcmd video video_fb
cpio_be: archelp
bswap_test: functional_test
sleep: extcmd normal
memdisk:
gcry_rijndael: crypto
mdraid09_be: diskfilter
gettext:
gcry_sha1: crypto
random: hexdump
offsetio:
hfspluscomp: gzio hfsplus
file: elf extcmd macho offsetio
cmp: extcmd
video_colors:
usbserial_usbdebug: serial usb usbserial_common
morse:
usb:
hashsum: crypto extcmd normal
halt: acpi
search_fs_uuid:
gfxterm_background: bitmap bitmap_scale extcmd gfxterm video video_colors
gcry_dsa: mpi pgp
linux: boot mmap relocator video
keystatus: extcmd
geli: crypto cryptodisk gcry_sha256 gcry_sha512 pbkdf2
cmdline_cat_test: font functional_test normal procfs video_fb
rdmsr: extcmd
part_sun:
cbtable:
pbkdf2_test: functional_test gcry_sha1 pbkdf2
video_bochs: video video_fb
bufio:
usbserial_ftdi: serial usb usbserial_common
legacy_password_test: functional_test legacycfg
cpuid: extcmd
hdparm: extcmd hexdump
gcry_blowfish: crypto
bfs: fshelp
test:
nilfs2: fshelp
gcry_rsa: mpi pgp
cryptodisk: crypto extcmd procfs
signature_test: functional_test procfs
nativedisk:
minicmd:
ata: scsi
udf: fshelp
gzio: gcry_crc
xnu_uuid: gcry_md5
uhci: usb
terminal:
pata: ata
mul_test: functional_test
adler32: crypto
div:
ehci: boot cs5536 usb
crypto:
part_bsd: part_msdos
luks2: afsplitter crypto cryptodisk json pbkdf2
cs5536:
gcry_sha512: crypto
password: crypto normal
fshelp:
xnu: bitmap bitmap_scale boot extcmd macho mmap random relocator video
sleep_test: datetime functional_test
mmap:
iorw: extcmd
efitextmode:
bli: part_gpt
exfctest: functional_test
zfsinfo: zfs
ldm: diskfilter part_gpt part_msdos
eval: normal
part_dvh:
lssal:
ext2: fshelp
blocklist:
net: boot bufio datetime priority_queue
part_acorn:
videoinfo: video
btrfs: gzio lzopio raid6rec zstd
lsmmap: mmap
strtoull_test: functional_test
bitmap:
ntfs: fshelp
multiboot: boot elf linux mmap net relocator video
tpm:
gcry_crc: crypto
png: bitmap bufio
json:
macbless: disk
jpeg: bitmap bufio
regexp: extcmd normal
parttool: normal
div_test: div functional_test
usbserial_pl2303: serial usb usbserial_common
cpio: archelp
gcry_rmd160: crypto
fat: fshelp
ufs1_be:
archelp:
zfs: gzio
raid6rec: diskfilter
http: net
lsefisystab:
minix2:
lsacpi: acpi extcmd
loadenv: disk extcmd
datehook: datetime
bitmap_scale: bitmap
probe: extcmd
minix3:
tar: archelp
procfs: archelp
loadbios:
hfs: fshelp
boot:
keylayouts:
progress: normal
kernel:
usbtest: usb
relocator: mmap
acpi: extcmd mmap
tga: bitmap bufio
reboot:
serial: extcmd terminfo
zfscrypt: crypto extcmd gcry_rijndael gcry_sha1 pbkdf2 zfs
luks: afsplitter crypto cryptodisk pbkdf2
efi_uga: video video_fb
dm_nv: diskfilter
cmp_test: functional_test
font: bufio video
raid5rec: diskfilter
datetime:
crc64: crypto
video:
efifwsetup:
ctz_test: functional_test
cbmemc: cbtable normal terminfo
hfsplus: fshelp
gcry_cast5: crypto
extcmd:
squash4: fshelp gzio lzopio xzio
part_plan:
minix_be:
gcry_whirlpool: crypto
gcry_tiger: crypto
fixvideo:
video_fb:
search: extcmd search_fs_file search_fs_uuid search_label
lspci: extcmd
cbtime: cbtable
trig:
minix3_be:
priority_queue:
msdospart: disk parttool
gcry_twofish: crypto
plainmount: crypto cryptodisk extcmd
part_dfly:
xnu_uuid_test: functional_test
diskfilter:
testload:
part_apple:
hexdump: extcmd
pbkdf2: crypto
gcry_sha256: crypto
date: datetime
usbserial_common: serial usb
ls: datetime extcmd normal
ntfscomp: ntfs
lzopio: crypto
video_cirrus: video video_fb
scsi:
hello: extcmd
pgp: crypto extcmd gcry_sha1 mpi
normal: boot bufio crypto datetime extcmd gettext net terminal
linux16: boot linux mmap relocator video
ahci: ata boot
cat: extcmd
ufs1:
mdraid09: diskfilter
lvm: diskfilter
chain: boot efinet net
cbfs: archelp
ufs2:
time:
setpci: extcmd
search_label:
gptsync: disk
setjmp:
multiboot2: acpi boot elf linux mmap net relocator video
gcry_rfc2268: crypto
mpi: crypto
mdraid1x: diskfilter
legacycfg: crypto gcry_md5 normal password
play:
part_amiga:
efi_gop: video video_fb
minix:
echo: extcmd
lsefi:
gcry_serpent: crypto
gcry_md4: crypto
gcry_md5: crypto
part_msdos:
gcry_camellia: crypto
at_keyboard: boot keylayouts
all_video: efi_gop efi_uga video_bochs video_cirrus
